Archive member included to satisfy reference by file (symbol)

c:/intelfpga_lite/18.1/nios2eds/bin/gnu/h-x86_64-mingw32/bin/../lib/gcc/nios2-elf/5.3.0/mno-hw-mul\libgcc.a(lib2-divmod.o)
                              obj/default/src/drivers/display/display_stdio.o (__divsi3)
c:/intelfpga_lite/18.1/nios2eds/bin/gnu/h-x86_64-mingw32/bin/../lib/gcc/nios2-elf/5.3.0/mno-hw-mul\libgcc.a(lib2-mul.o)
                              obj/default/hello_world_small.o (__mulsi3)
../Conclover_bsp/\libhal_bsp.a(alt_load.o)
                              ../Conclover_bsp//obj/HAL/src/crt0.o (alt_load)
../Conclover_bsp/\libhal_bsp.a(alt_main.o)
                              ../Conclover_bsp//obj/HAL/src/crt0.o (alt_main)
../Conclover_bsp/\libhal_bsp.a(alt_sys_init.o)
                              ../Conclover_bsp/\libhal_bsp.a(alt_main.o) (alt_irq_init)
../Conclover_bsp/\libhal_bsp.a(alt_dcache_flush_all.o)
                              ../Conclover_bsp/\libhal_bsp.a(alt_load.o) (alt_dcache_flush_all)
../Conclover_bsp/\libhal_bsp.a(alt_icache_flush_all.o)
                              ../Conclover_bsp/\libhal_bsp.a(alt_load.o) (alt_icache_flush_all)
../Conclover_bsp/\libhal_bsp.a(altera_nios2_gen2_irq.o)
                              ../Conclover_bsp/\libhal_bsp.a(alt_sys_init.o) (altera_nios2_gen2_irq_init)

Allocating common symbols
Common symbol       size              file

display_buffer      0x4               obj/default/src/drivers/display/display_stdio.o
buffer              0x138c            obj/default/hello_world_small.o

Memory Configuration

Name             Origin             Length             Attributes
reset            0x0000000000000000 0x0000000000000020
RAM              0x0000000000000020 0x0000000000003fe0
*default*        0x0000000000000000 0xffffffffffffffff

Linker script and memory map

LOAD ../Conclover_bsp//obj/HAL/src/crt0.o
LOAD obj/default/hello_world_small.o
LOAD obj/default/src/drivers/conclover/conclover.o
LOAD obj/default/src/drivers/display/display_stdio.o
LOAD obj/default/src/drivers/keys/keys.o
LOAD obj/default/src/drivers/timer/timer.o
LOAD obj/default/src/drivers/uart/uart_receiver.o
LOAD obj/default/src/drivers/uart/uart_transmitter.o
LOAD obj/default/src/utils/debug.o
LOAD obj/default/src/utils/memory.o
LOAD c:/intelfpga_lite/18.1/nios2eds/bin/gnu/h-x86_64-mingw32/bin/../lib/gcc/nios2-elf/5.3.0/../../../../../H-x86_64-mingw32/nios2-elf/lib/mno-hw-mul\libstdc++.a
LOAD c:/intelfpga_lite/18.1/nios2eds/bin/gnu/h-x86_64-mingw32/bin/../lib/gcc/nios2-elf/5.3.0/../../../../../H-x86_64-mingw32/nios2-elf/lib/mno-hw-mul\libm.a
LOAD c:/intelfpga_lite/18.1/nios2eds/bin/gnu/h-x86_64-mingw32/bin/../lib/gcc/nios2-elf/5.3.0/mno-hw-mul\libgcc.a
START GROUP
LOAD c:/intelfpga_lite/18.1/nios2eds/bin/gnu/h-x86_64-mingw32/bin/../lib/gcc/nios2-elf/5.3.0/../../../../../H-x86_64-mingw32/nios2-elf/lib/mno-hw-mul\libsmallc.a
LOAD c:/intelfpga_lite/18.1/nios2eds/bin/gnu/h-x86_64-mingw32/bin/../lib/gcc/nios2-elf/5.3.0/mno-hw-mul\libgcc.a
LOAD ../Conclover_bsp/\libhal_bsp.a
LOAD c:/intelfpga_lite/18.1/nios2eds/bin/gnu/h-x86_64-mingw32/bin/../lib/gcc/nios2-elf/5.3.0/../../../../../H-x86_64-mingw32/nios2-elf/lib/mno-hw-mul\libm.a
END GROUP
LOAD c:/intelfpga_lite/18.1/nios2eds/bin/gnu/h-x86_64-mingw32/bin/../lib/gcc/nios2-elf/5.3.0/mno-hw-mul\libgcc.a
                0x0000000000000000                __alt_mem_RAM = 0x0

.entry          0x0000000000000000       0x20
 *(.entry)
 .entry         0x0000000000000000       0x20 ../Conclover_bsp//obj/HAL/src/crt0.o
                0x0000000000000000                __reset
                0x000000000000000c                _exit

.exceptions     0x0000000000000020        0x0
                0x0000000000000020                PROVIDE (__ram_exceptions_start, ABSOLUTE (.))
                0x0000000000000020                . = ALIGN (0x20)
 *(.irq)
 *(.exceptions.entry.label)
 *(.exceptions.entry.user)
 *(.exceptions.entry.ecc_fatal)
 *(.exceptions.entry)
 *(.exceptions.irqtest.user)
 *(.exceptions.irqtest)
 *(.exceptions.irqhandler.user)
 *(.exceptions.irqhandler)
 *(.exceptions.irqreturn.user)
 *(.exceptions.irqreturn)
 *(.exceptions.notirq.label)
 *(.exceptions.notirq.user)
 *(.exceptions.notirq)
 *(.exceptions.soft.user)
 *(.exceptions.soft)
 *(.exceptions.unknown.user)
 *(.exceptions.unknown)
 *(.exceptions.exit.label)
 *(.exceptions.exit.user)
 *(.exceptions.exit)
 *(.exceptions)
                0x0000000000000020                PROVIDE (__ram_exceptions_end, ABSOLUTE (.))
                0x0000000000000020                PROVIDE (__flash_exceptions_start, LOADADDR (.exceptions))

.text           0x0000000000000020      0xdc8
                [!provide]                        PROVIDE (stext, ABSOLUTE (.))
 *(.interp)
 *(.hash)
 *(.dynsym)
 *(.dynstr)
 *(.gnu.version)
 *(.gnu.version_d)
 *(.gnu.version_r)
 *(.rel.init)
 *(.rela.init)
 *(.rel.text .rel.text.* .rel.gnu.linkonce.t.*)
 *(.rela.text .rela.text.* .rela.gnu.linkonce.t.*)
 *(.rel.fini)
 *(.rela.fini)
 *(.rel.rodata .rel.rodata.* .rel.gnu.linkonce.r.*)
 *(.rela.rodata .rela.rodata.* .rela.gnu.linkonce.r.*)
 *(.rel.data .rel.data.* .rel.gnu.linkonce.d.*)
 *(.rela.data .rela.data.* .rela.gnu.linkonce.d.*)
 *(.rel.tdata .rel.tdata.* .rel.gnu.linkonce.td.*)
 *(.rela.tdata .rela.tdata.* .rela.gnu.linkonce.td.*)
 *(.rel.tbss .rel.tbss.* .rel.gnu.linkonce.tb.*)
 *(.rela.tbss .rela.tbss.* .rela.gnu.linkonce.tb.*)
 *(.rel.ctors)
 *(.rela.ctors)
 *(.rel.dtors)
 *(.rela.dtors)
 *(.rel.got)
 *(.rela.got)
 *(.rel.sdata .rel.sdata.* .rel.gnu.linkonce.s.*)
 *(.rela.sdata .rela.sdata.* .rela.gnu.linkonce.s.*)
 *(.rel.sbss .rel.sbss.* .rel.gnu.linkonce.sb.*)
 *(.rela.sbss .rela.sbss.* .rela.gnu.linkonce.sb.*)
 *(.rel.sdata2 .rel.sdata2.* .rel.gnu.linkonce.s2.*)
 *(.rela.sdata2 .rela.sdata2.* .rela.gnu.linkonce.s2.*)
 *(.rel.sbss2 .rel.sbss2.* .rel.gnu.linkonce.sb2.*)
 *(.rela.sbss2 .rela.sbss2.* .rela.gnu.linkonce.sb2.*)
 *(.rel.bss .rel.bss.* .rel.gnu.linkonce.b.*)
 *(.rela.bss .rela.bss.* .rela.gnu.linkonce.b.*)
 *(.rel.plt)
 *(.rela.plt)
 *(.rel.dyn)
 *(.init)
 *(.plt)
 *(.text .stub .text.* .gnu.linkonce.t.*)
 .text          0x0000000000000020       0x3c ../Conclover_bsp//obj/HAL/src/crt0.o
                0x0000000000000020                _start
 .text          0x000000000000005c      0x1b4 obj/default/hello_world_small.o
                0x000000000000005c                formFramesToKM
                0x000000000000007c                con
                0x0000000000000168                receivePacket
                0x00000000000001b4                startup
 .text.startup  0x0000000000000210       0xdc obj/default/hello_world_small.o
                0x0000000000000210                main
 .text          0x00000000000002ec       0x98 obj/default/src/drivers/conclover/conclover.o
                0x00000000000002ec                concloverSetValues
                0x000000000000033c                conclove
 .text          0x0000000000000384      0x3b8 obj/default/src/drivers/display/display_stdio.o
                0x0000000000000384                display_displaychar
                0x000000000000040c                add_to_buffer
                0x0000000000000438                display_putpartchar
                0x0000000000000468                display_load_buffer
                0x0000000000000498                display_set_tube_lightness
                0x00000000000004b0                display_set_lightness
                0x00000000000004fc                display_set_freq
                0x0000000000000510                display_put_dot
                0x000000000000052c                display_remove_dot
                0x0000000000000544                diplay_wait_for_refresh
                0x0000000000000560                display_clear
                0x00000000000005a4                display_putchar
                0x000000000000062c                display_printf
                0x0000000000000674                display_abs
                0x0000000000000684                display_put_number
 .text          0x000000000000073c       0xa0 obj/default/src/drivers/keys/keys.o
                0x000000000000073c                is_pressed
                0x000000000000076c                detect_pressed_key
                0x0000000000000794                wait_for_press
                0x00000000000007b4                wait_for_press_key
 .text          0x00000000000007dc       0x44 obj/default/src/drivers/timer/timer.o
                0x00000000000007dc                reset_timer
                0x00000000000007ec                get_time
                0x00000000000007fc                set_timer
                0x000000000000080c                wait
 .text          0x0000000000000820      0x1d8 obj/default/src/drivers/uart/uart_receiver.o
                0x0000000000000820                receiveSinglePacket
                0x00000000000008c0                receiveTiming
                0x0000000000000974                beginReceiver
                0x00000000000009e8                closeReceiver
                0x00000000000009f4                receive
 .text          0x00000000000009f8       0x6c obj/default/src/drivers/uart/uart_transmitter.o
                0x00000000000009f8                sendIt
 .text          0x0000000000000a64       0x4c obj/default/src/utils/debug.o
                0x0000000000000a64                printviau
                0x0000000000000a90                pause
 .text          0x0000000000000ab0       0x1c obj/default/src/utils/memory.o
                0x0000000000000ab0                cleanBuffer
 .text          0x0000000000000acc      0x1b4 c:/intelfpga_lite/18.1/nios2eds/bin/gnu/h-x86_64-mingw32/bin/../lib/gcc/nios2-elf/5.3.0/mno-hw-mul\libgcc.a(lib2-divmod.o)
                0x0000000000000acc                __divsi3
                0x0000000000000b50                __modsi3
                0x0000000000000bc4                __udivsi3
                0x0000000000000c28                __umodsi3
 .text          0x0000000000000c80       0x28 c:/intelfpga_lite/18.1/nios2eds/bin/gnu/h-x86_64-mingw32/bin/../lib/gcc/nios2-elf/5.3.0/mno-hw-mul\libgcc.a(lib2-mul.o)
                0x0000000000000c80                __mulsi3
 .text          0x0000000000000ca8       0xe0 ../Conclover_bsp/\libhal_bsp.a(alt_load.o)
                0x0000000000000ca8                alt_load
 .text          0x0000000000000d88       0x2c ../Conclover_bsp/\libhal_bsp.a(alt_main.o)
                0x0000000000000d88                alt_main
 .text          0x0000000000000db4       0x24 ../Conclover_bsp/\libhal_bsp.a(alt_sys_init.o)
                0x0000000000000db4                alt_irq_init
                0x0000000000000dd4                alt_sys_init
 .text          0x0000000000000dd8        0x4 ../Conclover_bsp/\libhal_bsp.a(alt_dcache_flush_all.o)
                0x0000000000000dd8                alt_dcache_flush_all
 .text          0x0000000000000ddc        0x4 ../Conclover_bsp/\libhal_bsp.a(alt_icache_flush_all.o)
                0x0000000000000ddc                alt_icache_flush_all
 .text          0x0000000000000de0        0x8 ../Conclover_bsp/\libhal_bsp.a(altera_nios2_gen2_irq.o)
                0x0000000000000de0                altera_nios2_gen2_irq_init
 *(.gnu.warning.*)
 *(.fini)
                [!provide]                        PROVIDE (__etext, ABSOLUTE (.))
                [!provide]                        PROVIDE (_etext, ABSOLUTE (.))
                [!provide]                        PROVIDE (etext, ABSOLUTE (.))
 *(.eh_frame_hdr)
                0x0000000000000de8                . = ALIGN (0x4)
                [!provide]                        PROVIDE (__preinit_array_start, ABSOLUTE (.))
 *(.preinit_array)
                [!provide]                        PROVIDE (__preinit_array_end, ABSOLUTE (.))
                [!provide]                        PROVIDE (__init_array_start, ABSOLUTE (.))
 *(.init_array)
                [!provide]                        PROVIDE (__init_array_end, ABSOLUTE (.))
                [!provide]                        PROVIDE (__fini_array_start, ABSOLUTE (.))
 *(.fini_array)
                [!provide]                        PROVIDE (__fini_array_end, ABSOLUTE (.))
 *(.eh_frame)
 *(.gcc_except_table .gcc_except_table.*)
 *(.dynamic)
                [!provide]                        PROVIDE (__CTOR_LIST__, ABSOLUTE (.))
 *(.ctors)
 *(SORT(.ctors.*))
                [!provide]                        PROVIDE (__CTOR_END__, ABSOLUTE (.))
                [!provide]                        PROVIDE (__DTOR_LIST__, ABSOLUTE (.))
 *(.dtors)
 *(SORT(.dtors.*))
                [!provide]                        PROVIDE (__DTOR_END__, ABSOLUTE (.))
 *(.jcr)
                0x0000000000000de8                . = ALIGN (0x4)

.rodata         0x0000000000000de8       0xf0
                0x0000000000000de8                PROVIDE (__ram_rodata_start, ABSOLUTE (.))
                0x0000000000000de8                . = ALIGN (0x4)
 *(.rodata .rodata.* .gnu.linkonce.r.*)
 .rodata.str1.4
                0x0000000000000de8       0xf0 obj/default/hello_world_small.o
                                         0xed (size before relaxing)
 *(.rodata1)
                0x0000000000000ed8                . = ALIGN (0x4)
                0x0000000000000ed8                PROVIDE (__ram_rodata_end, ABSOLUTE (.))
                0x0000000000000de8                PROVIDE (__flash_rodata_start, LOADADDR (.rodata))

.rwdata         0x0000000000000ed8       0x1c load address 0x0000000000000ef4
                0x0000000000000ed8                PROVIDE (__ram_rwdata_start, ABSOLUTE (.))
                0x0000000000000ed8                . = ALIGN (0x4)
 *(.got.plt)
 *(.got)
 *(.data1)
 *(.data .data.* .gnu.linkonce.d.*)
 .data          0x0000000000000ed8        0x0 ../Conclover_bsp//obj/HAL/src/crt0.o
 .data          0x0000000000000ed8       0x12 obj/default/hello_world_small.o
                0x0000000000000ed8                signal
 .data          0x0000000000000eea        0x0 obj/default/src/drivers/conclover/conclover.o
 .data          0x0000000000000eea        0x0 obj/default/src/drivers/display/display_stdio.o
 .data          0x0000000000000eea        0x0 obj/default/src/drivers/keys/keys.o
 .data          0x0000000000000eea        0x0 obj/default/src/drivers/timer/timer.o
 .data          0x0000000000000eea        0x0 obj/default/src/drivers/uart/uart_receiver.o
 .data          0x0000000000000eea        0x0 obj/default/src/drivers/uart/uart_transmitter.o
 .data          0x0000000000000eea        0x0 obj/default/src/utils/debug.o
 .data          0x0000000000000eea        0x0 obj/default/src/utils/memory.o
 .data          0x0000000000000eea        0x0 c:/intelfpga_lite/18.1/nios2eds/bin/gnu/h-x86_64-mingw32/bin/../lib/gcc/nios2-elf/5.3.0/mno-hw-mul\libgcc.a(lib2-divmod.o)
 .data          0x0000000000000eea        0x0 c:/intelfpga_lite/18.1/nios2eds/bin/gnu/h-x86_64-mingw32/bin/../lib/gcc/nios2-elf/5.3.0/mno-hw-mul\libgcc.a(lib2-mul.o)
 .data          0x0000000000000eea        0x0 ../Conclover_bsp/\libhal_bsp.a(alt_load.o)
 .data          0x0000000000000eea        0x0 ../Conclover_bsp/\libhal_bsp.a(alt_main.o)
 .data          0x0000000000000eea        0x0 ../Conclover_bsp/\libhal_bsp.a(alt_sys_init.o)
 .data          0x0000000000000eea        0x0 ../Conclover_bsp/\libhal_bsp.a(alt_dcache_flush_all.o)
 .data          0x0000000000000eea        0x0 ../Conclover_bsp/\libhal_bsp.a(alt_icache_flush_all.o)
 .data          0x0000000000000eea        0x0 ../Conclover_bsp/\libhal_bsp.a(altera_nios2_gen2_irq.o)
                0x0000000000008eea                _gp = ABSOLUTE ((. + 0x8000))
                [!provide]                        PROVIDE (gp, _gp)
 *(.rwdata .rwdata.*)
 *(.sdata .sdata.* .gnu.linkonce.s.*)
 *fill*         0x0000000000000eea        0x2 
 .sdata         0x0000000000000eec        0x4 obj/default/src/drivers/uart/uart_receiver.o
                0x0000000000000eec                wiad
 .sdata         0x0000000000000ef0        0x4 ../Conclover_bsp/\libhal_bsp.a(alt_sys_init.o)
                0x0000000000000ef0                Debug_UART
 *(.sdata2 .sdata2.* .gnu.linkonce.s2.*)
                0x0000000000000ef4                . = ALIGN (0x4)
                0x0000000000000ef4                _edata = ABSOLUTE (.)
                [!provide]                        PROVIDE (edata, ABSOLUTE (.))
                0x0000000000000ef4                PROVIDE (__ram_rwdata_end, ABSOLUTE (.))
                0x0000000000000ef4                PROVIDE (__flash_rwdata_start, LOADADDR (.rwdata))

.bss            0x0000000000000f10     0x139c
                0x0000000000000f10                __bss_start = ABSOLUTE (.)
                [!provide]                        PROVIDE (__sbss_start, ABSOLUTE (.))
                [!provide]                        PROVIDE (___sbss_start, ABSOLUTE (.))
 *(.dynsbss)
 *(.sbss .sbss.* .gnu.linkonce.sb.*)
 .sbss          0x0000000000000f10        0x4 obj/default/src/drivers/display/display_stdio.o
                0x0000000000000f10                display_buffer
 .sbss          0x0000000000000f14        0xc ../Conclover_bsp/\libhal_bsp.a(alt_main.o)
                0x0000000000000f14                alt_envp
                0x0000000000000f18                alt_argv
                0x0000000000000f1c                alt_argc
 *(.sbss2 .sbss2.* .gnu.linkonce.sb2.*)
 *(.scommon)
                [!provide]                        PROVIDE (__sbss_end, ABSOLUTE (.))
                [!provide]                        PROVIDE (___sbss_end, ABSOLUTE (.))
 *(.dynbss)
 *(.bss .bss.* .gnu.linkonce.b.*)
 .bss           0x0000000000000f20        0x0 ../Conclover_bsp//obj/HAL/src/crt0.o
 .bss           0x0000000000000f20        0x0 obj/default/hello_world_small.o
 .bss           0x0000000000000f20        0x0 obj/default/src/drivers/conclover/conclover.o
 .bss           0x0000000000000f20        0x0 obj/default/src/drivers/display/display_stdio.o
 .bss           0x0000000000000f20        0x0 obj/default/src/drivers/keys/keys.o
 .bss           0x0000000000000f20        0x0 obj/default/src/drivers/timer/timer.o
 .bss           0x0000000000000f20        0x0 obj/default/src/drivers/uart/uart_receiver.o
 .bss           0x0000000000000f20        0x0 obj/default/src/drivers/uart/uart_transmitter.o
 .bss           0x0000000000000f20        0x0 obj/default/src/utils/debug.o
 .bss           0x0000000000000f20        0x0 obj/default/src/utils/memory.o
 .bss           0x0000000000000f20        0x0 c:/intelfpga_lite/18.1/nios2eds/bin/gnu/h-x86_64-mingw32/bin/../lib/gcc/nios2-elf/5.3.0/mno-hw-mul\libgcc.a(lib2-divmod.o)
 .bss           0x0000000000000f20        0x0 c:/intelfpga_lite/18.1/nios2eds/bin/gnu/h-x86_64-mingw32/bin/../lib/gcc/nios2-elf/5.3.0/mno-hw-mul\libgcc.a(lib2-mul.o)
 .bss           0x0000000000000f20        0x0 ../Conclover_bsp/\libhal_bsp.a(alt_load.o)
 .bss           0x0000000000000f20        0x0 ../Conclover_bsp/\libhal_bsp.a(alt_main.o)
 .bss           0x0000000000000f20        0x0 ../Conclover_bsp/\libhal_bsp.a(alt_sys_init.o)
 .bss           0x0000000000000f20        0x0 ../Conclover_bsp/\libhal_bsp.a(alt_dcache_flush_all.o)
 .bss           0x0000000000000f20        0x0 ../Conclover_bsp/\libhal_bsp.a(alt_icache_flush_all.o)
 .bss           0x0000000000000f20        0x0 ../Conclover_bsp/\libhal_bsp.a(altera_nios2_gen2_irq.o)
 *(COMMON)
 COMMON         0x0000000000000f20     0x138c obj/default/hello_world_small.o
                0x0000000000000f20                buffer
                0x00000000000022ac                . = ALIGN (0x4)
                0x00000000000022ac                __bss_end = ABSOLUTE (.)

.RAM            0x00000000000022ac        0x0
                [!provide]                        PROVIDE (_alt_partition_RAM_start, ABSOLUTE (.))
 *(.RAM .RAM. RAM.*)
                0x00000000000022ac                . = ALIGN (0x4)
                [!provide]                        PROVIDE (_alt_partition_RAM_end, ABSOLUTE (.))
                0x00000000000022ac                _end = ABSOLUTE (.)
                0x00000000000022ac                end = ABSOLUTE (.)
                0x00000000000022ac                __alt_stack_base = ABSOLUTE (.)
                [!provide]                        PROVIDE (_alt_partition_RAM_load_addr, LOADADDR (.RAM))

.stab
 *(.stab)

.stabstr
 *(.stabstr)

.stab.excl
 *(.stab.excl)

.stab.exclstr
 *(.stab.exclstr)

.stab.index
 *(.stab.index)

.stab.indexstr
 *(.stab.indexstr)

.comment        0x0000000000000000       0x23
 *(.comment)
 .comment       0x0000000000000000       0x23 obj/default/hello_world_small.o
                                         0x24 (size before relaxing)
 .comment       0x0000000000000023       0x24 obj/default/src/drivers/conclover/conclover.o
 .comment       0x0000000000000023       0x24 obj/default/src/drivers/display/display_stdio.o
 .comment       0x0000000000000023       0x24 obj/default/src/drivers/keys/keys.o
 .comment       0x0000000000000023       0x24 obj/default/src/drivers/timer/timer.o
 .comment       0x0000000000000023       0x24 obj/default/src/drivers/uart/uart_receiver.o
 .comment       0x0000000000000023       0x24 obj/default/src/drivers/uart/uart_transmitter.o
 .comment       0x0000000000000023       0x24 obj/default/src/utils/debug.o
 .comment       0x0000000000000023       0x24 obj/default/src/utils/memory.o
 .comment       0x0000000000000023       0x24 c:/intelfpga_lite/18.1/nios2eds/bin/gnu/h-x86_64-mingw32/bin/../lib/gcc/nios2-elf/5.3.0/mno-hw-mul\libgcc.a(lib2-divmod.o)
 .comment       0x0000000000000023       0x24 c:/intelfpga_lite/18.1/nios2eds/bin/gnu/h-x86_64-mingw32/bin/../lib/gcc/nios2-elf/5.3.0/mno-hw-mul\libgcc.a(lib2-mul.o)
 .comment       0x0000000000000023       0x24 ../Conclover_bsp/\libhal_bsp.a(alt_load.o)
 .comment       0x0000000000000023       0x24 ../Conclover_bsp/\libhal_bsp.a(alt_main.o)
 .comment       0x0000000000000023       0x24 ../Conclover_bsp/\libhal_bsp.a(alt_sys_init.o)
 .comment       0x0000000000000023       0x24 ../Conclover_bsp/\libhal_bsp.a(alt_dcache_flush_all.o)
 .comment       0x0000000000000023       0x24 ../Conclover_bsp/\libhal_bsp.a(alt_icache_flush_all.o)
 .comment       0x0000000000000023       0x24 ../Conclover_bsp/\libhal_bsp.a(altera_nios2_gen2_irq.o)

.debug
 *(.debug)

.line
 *(.line)

.debug_srcinfo
 *(.debug_srcinfo)

.debug_sfnames
 *(.debug_sfnames)

.debug_aranges  0x0000000000000000      0x250
 *(.debug_aranges)
 .debug_aranges
                0x0000000000000000       0x28 ../Conclover_bsp//obj/HAL/src/crt0.o
 .debug_aranges
                0x0000000000000028       0x28 obj/default/hello_world_small.o
 .debug_aranges
                0x0000000000000050       0x20 obj/default/src/drivers/conclover/conclover.o
 .debug_aranges
                0x0000000000000070       0x20 obj/default/src/drivers/display/display_stdio.o
 .debug_aranges
                0x0000000000000090       0x20 obj/default/src/drivers/keys/keys.o
 .debug_aranges
                0x00000000000000b0       0x20 obj/default/src/drivers/timer/timer.o
 .debug_aranges
                0x00000000000000d0       0x20 obj/default/src/drivers/uart/uart_receiver.o
 .debug_aranges
                0x00000000000000f0       0x20 obj/default/src/drivers/uart/uart_transmitter.o
 .debug_aranges
                0x0000000000000110       0x20 obj/default/src/utils/debug.o
 .debug_aranges
                0x0000000000000130       0x20 obj/default/src/utils/memory.o
 .debug_aranges
                0x0000000000000150       0x20 c:/intelfpga_lite/18.1/nios2eds/bin/gnu/h-x86_64-mingw32/bin/../lib/gcc/nios2-elf/5.3.0/mno-hw-mul\libgcc.a(lib2-divmod.o)
 .debug_aranges
                0x0000000000000170       0x20 c:/intelfpga_lite/18.1/nios2eds/bin/gnu/h-x86_64-mingw32/bin/../lib/gcc/nios2-elf/5.3.0/mno-hw-mul\libgcc.a(lib2-mul.o)
 .debug_aranges
                0x0000000000000190       0x20 ../Conclover_bsp/\libhal_bsp.a(alt_load.o)
 .debug_aranges
                0x00000000000001b0       0x20 ../Conclover_bsp/\libhal_bsp.a(alt_main.o)
 .debug_aranges
                0x00000000000001d0       0x20 ../Conclover_bsp/\libhal_bsp.a(alt_sys_init.o)
 .debug_aranges
                0x00000000000001f0       0x20 ../Conclover_bsp/\libhal_bsp.a(alt_dcache_flush_all.o)
 .debug_aranges
                0x0000000000000210       0x20 ../Conclover_bsp/\libhal_bsp.a(alt_icache_flush_all.o)
 .debug_aranges
                0x0000000000000230       0x20 ../Conclover_bsp/\libhal_bsp.a(altera_nios2_gen2_irq.o)

.debug_pubnames
 *(.debug_pubnames)

.debug_info     0x0000000000000000     0x1dc2
 *(.debug_info .gnu.linkonce.wi.*)
 .debug_info    0x0000000000000000       0x5a ../Conclover_bsp//obj/HAL/src/crt0.o
 .debug_info    0x000000000000005a      0x654 obj/default/hello_world_small.o
 .debug_info    0x00000000000006ae       0xd5 obj/default/src/drivers/conclover/conclover.o
 .debug_info    0x0000000000000783      0x505 obj/default/src/drivers/display/display_stdio.o
 .debug_info    0x0000000000000c88      0x195 obj/default/src/drivers/keys/keys.o
 .debug_info    0x0000000000000e1d      0x176 obj/default/src/drivers/timer/timer.o
 .debug_info    0x0000000000000f93      0x228 obj/default/src/drivers/uart/uart_receiver.o
 .debug_info    0x00000000000011bb       0xa8 obj/default/src/drivers/uart/uart_transmitter.o
 .debug_info    0x0000000000001263       0xf5 obj/default/src/utils/debug.o
 .debug_info    0x0000000000001358       0x83 obj/default/src/utils/memory.o
 .debug_info    0x00000000000013db      0x2c6 c:/intelfpga_lite/18.1/nios2eds/bin/gnu/h-x86_64-mingw32/bin/../lib/gcc/nios2-elf/5.3.0/mno-hw-mul\libgcc.a(lib2-divmod.o)
 .debug_info    0x00000000000016a1       0xb4 c:/intelfpga_lite/18.1/nios2eds/bin/gnu/h-x86_64-mingw32/bin/../lib/gcc/nios2-elf/5.3.0/mno-hw-mul\libgcc.a(lib2-mul.o)
 .debug_info    0x0000000000001755      0x1c9 ../Conclover_bsp/\libhal_bsp.a(alt_load.o)
 .debug_info    0x000000000000191e      0x169 ../Conclover_bsp/\libhal_bsp.a(alt_main.o)
 .debug_info    0x0000000000001a87      0x185 ../Conclover_bsp/\libhal_bsp.a(alt_sys_init.o)
 .debug_info    0x0000000000001c0c       0x92 ../Conclover_bsp/\libhal_bsp.a(alt_dcache_flush_all.o)
 .debug_info    0x0000000000001c9e       0x92 ../Conclover_bsp/\libhal_bsp.a(alt_icache_flush_all.o)
 .debug_info    0x0000000000001d30       0x92 ../Conclover_bsp/\libhal_bsp.a(altera_nios2_gen2_irq.o)

.debug_abbrev   0x0000000000000000      0xf51
 *(.debug_abbrev)
 .debug_abbrev  0x0000000000000000       0x12 ../Conclover_bsp//obj/HAL/src/crt0.o
 .debug_abbrev  0x0000000000000012      0x201 obj/default/hello_world_small.o
 .debug_abbrev  0x0000000000000213       0xa8 obj/default/src/drivers/conclover/conclover.o
 .debug_abbrev  0x00000000000002bb      0x1ec obj/default/src/drivers/display/display_stdio.o
 .debug_abbrev  0x00000000000004a7      0x115 obj/default/src/drivers/keys/keys.o
 .debug_abbrev  0x00000000000005bc      0x150 obj/default/src/drivers/timer/timer.o
 .debug_abbrev  0x000000000000070c      0x13b obj/default/src/drivers/uart/uart_receiver.o
 .debug_abbrev  0x0000000000000847       0xac obj/default/src/drivers/uart/uart_transmitter.o
 .debug_abbrev  0x00000000000008f3       0xcb obj/default/src/utils/debug.o
 .debug_abbrev  0x00000000000009be       0x83 obj/default/src/utils/memory.o
 .debug_abbrev  0x0000000000000a41      0x10e c:/intelfpga_lite/18.1/nios2eds/bin/gnu/h-x86_64-mingw32/bin/../lib/gcc/nios2-elf/5.3.0/mno-hw-mul\libgcc.a(lib2-divmod.o)
 .debug_abbrev  0x0000000000000b4f       0x6f c:/intelfpga_lite/18.1/nios2eds/bin/gnu/h-x86_64-mingw32/bin/../lib/gcc/nios2-elf/5.3.0/mno-hw-mul\libgcc.a(lib2-mul.o)
 .debug_abbrev  0x0000000000000bbe       0xd8 ../Conclover_bsp/\libhal_bsp.a(alt_load.o)
 .debug_abbrev  0x0000000000000c96       0xee ../Conclover_bsp/\libhal_bsp.a(alt_main.o)
 .debug_abbrev  0x0000000000000d84      0x107 ../Conclover_bsp/\libhal_bsp.a(alt_sys_init.o)
 .debug_abbrev  0x0000000000000e8b       0x42 ../Conclover_bsp/\libhal_bsp.a(alt_dcache_flush_all.o)
 .debug_abbrev  0x0000000000000ecd       0x42 ../Conclover_bsp/\libhal_bsp.a(alt_icache_flush_all.o)
 .debug_abbrev  0x0000000000000f0f       0x42 ../Conclover_bsp/\libhal_bsp.a(altera_nios2_gen2_irq.o)

.debug_line     0x0000000000000000      0xb73
 *(.debug_line)
 .debug_line    0x0000000000000000       0x66 ../Conclover_bsp//obj/HAL/src/crt0.o
 .debug_line    0x0000000000000066      0x197 obj/default/hello_world_small.o
 .debug_line    0x00000000000001fd       0x85 obj/default/src/drivers/conclover/conclover.o
 .debug_line    0x0000000000000282      0x186 obj/default/src/drivers/display/display_stdio.o
 .debug_line    0x0000000000000408       0x6c obj/default/src/drivers/keys/keys.o
 .debug_line    0x0000000000000474       0x5b obj/default/src/drivers/timer/timer.o
 .debug_line    0x00000000000004cf       0xae obj/default/src/drivers/uart/uart_receiver.o
 .debug_line    0x000000000000057d       0x7d obj/default/src/drivers/uart/uart_transmitter.o
 .debug_line    0x00000000000005fa       0x53 obj/default/src/utils/debug.o
 .debug_line    0x000000000000064d       0x53 obj/default/src/utils/memory.o
 .debug_line    0x00000000000006a0      0x105 c:/intelfpga_lite/18.1/nios2eds/bin/gnu/h-x86_64-mingw32/bin/../lib/gcc/nios2-elf/5.3.0/mno-hw-mul\libgcc.a(lib2-divmod.o)
 .debug_line    0x00000000000007a5       0x80 c:/intelfpga_lite/18.1/nios2eds/bin/gnu/h-x86_64-mingw32/bin/../lib/gcc/nios2-elf/5.3.0/mno-hw-mul\libgcc.a(lib2-mul.o)
 .debug_line    0x0000000000000825       0xa4 ../Conclover_bsp/\libhal_bsp.a(alt_load.o)
 .debug_line    0x00000000000008c9       0xbd ../Conclover_bsp/\libhal_bsp.a(alt_main.o)
 .debug_line    0x0000000000000986      0x101 ../Conclover_bsp/\libhal_bsp.a(alt_sys_init.o)
 .debug_line    0x0000000000000a87       0x4e ../Conclover_bsp/\libhal_bsp.a(alt_dcache_flush_all.o)
 .debug_line    0x0000000000000ad5       0x4e ../Conclover_bsp/\libhal_bsp.a(alt_icache_flush_all.o)
 .debug_line    0x0000000000000b23       0x50 ../Conclover_bsp/\libhal_bsp.a(altera_nios2_gen2_irq.o)

.debug_frame    0x0000000000000000      0x578
 *(.debug_frame)
 .debug_frame   0x0000000000000000       0xac obj/default/hello_world_small.o
 .debug_frame   0x00000000000000ac       0x30 obj/default/src/drivers/conclover/conclover.o
 .debug_frame   0x00000000000000dc      0x160 obj/default/src/drivers/display/display_stdio.o
 .debug_frame   0x000000000000023c       0x6c obj/default/src/drivers/keys/keys.o
 .debug_frame   0x00000000000002a8       0x50 obj/default/src/drivers/timer/timer.o
 .debug_frame   0x00000000000002f8       0x9c obj/default/src/drivers/uart/uart_receiver.o
 .debug_frame   0x0000000000000394       0x20 obj/default/src/drivers/uart/uart_transmitter.o
 .debug_frame   0x00000000000003b4       0x3c obj/default/src/utils/debug.o
 .debug_frame   0x00000000000003f0       0x20 obj/default/src/utils/memory.o
 .debug_frame   0x0000000000000410       0x50 c:/intelfpga_lite/18.1/nios2eds/bin/gnu/h-x86_64-mingw32/bin/../lib/gcc/nios2-elf/5.3.0/mno-hw-mul\libgcc.a(lib2-divmod.o)
 .debug_frame   0x0000000000000460       0x20 c:/intelfpga_lite/18.1/nios2eds/bin/gnu/h-x86_64-mingw32/bin/../lib/gcc/nios2-elf/5.3.0/mno-hw-mul\libgcc.a(lib2-mul.o)
 .debug_frame   0x0000000000000480       0x30 ../Conclover_bsp/\libhal_bsp.a(alt_load.o)
 .debug_frame   0x00000000000004b0       0x2c ../Conclover_bsp/\libhal_bsp.a(alt_main.o)
 .debug_frame   0x00000000000004dc       0x3c ../Conclover_bsp/\libhal_bsp.a(alt_sys_init.o)
 .debug_frame   0x0000000000000518       0x20 ../Conclover_bsp/\libhal_bsp.a(alt_dcache_flush_all.o)
 .debug_frame   0x0000000000000538       0x20 ../Conclover_bsp/\libhal_bsp.a(alt_icache_flush_all.o)
 .debug_frame   0x0000000000000558       0x20 ../Conclover_bsp/\libhal_bsp.a(altera_nios2_gen2_irq.o)

.debug_str      0x0000000000000000      0xa51
 *(.debug_str)
 .debug_str     0x0000000000000000      0x1ce obj/default/hello_world_small.o
                                        0x20d (size before relaxing)
 .debug_str     0x00000000000001ce       0x30 obj/default/src/drivers/conclover/conclover.o
                                         0xc3 (size before relaxing)
 .debug_str     0x00000000000001fe      0x172 obj/default/src/drivers/display/display_stdio.o
                                        0x25e (size before relaxing)
 .debug_str     0x0000000000000370       0x73 obj/default/src/drivers/keys/keys.o
                                        0x11c (size before relaxing)
 .debug_str     0x00000000000003e3       0x8f obj/default/src/drivers/timer/timer.o
                                        0x11f (size before relaxing)
 .debug_str     0x0000000000000472       0x80 obj/default/src/drivers/uart/uart_receiver.o
                                        0x124 (size before relaxing)
 .debug_str     0x00000000000004f2       0x46 obj/default/src/drivers/uart/uart_transmitter.o
                                         0xbf (size before relaxing)
 .debug_str     0x0000000000000538       0x12 obj/default/src/utils/debug.o
                                         0xab (size before relaxing)
 .debug_str     0x000000000000054a       0x13 obj/default/src/utils/memory.o
                                         0x96 (size before relaxing)
 .debug_str     0x000000000000055d      0x1a4 c:/intelfpga_lite/18.1/nios2eds/bin/gnu/h-x86_64-mingw32/bin/../lib/gcc/nios2-elf/5.3.0/mno-hw-mul\libgcc.a(lib2-divmod.o)
                                        0x1d2 (size before relaxing)
 .debug_str     0x0000000000000701       0x40 c:/intelfpga_lite/18.1/nios2eds/bin/gnu/h-x86_64-mingw32/bin/../lib/gcc/nios2-elf/5.3.0/mno-hw-mul\libgcc.a(lib2-mul.o)
                                        0x193 (size before relaxing)
 .debug_str     0x0000000000000741      0x172 ../Conclover_bsp/\libhal_bsp.a(alt_load.o)
                                        0x228 (size before relaxing)
 .debug_str     0x00000000000008b3       0x8f ../Conclover_bsp/\libhal_bsp.a(alt_main.o)
                                        0x1a1 (size before relaxing)
 .debug_str     0x0000000000000942       0xb1 ../Conclover_bsp/\libhal_bsp.a(alt_sys_init.o)
                                        0x211 (size before relaxing)
 .debug_str     0x00000000000009f3       0x1f ../Conclover_bsp/\libhal_bsp.a(alt_dcache_flush_all.o)
                                        0x141 (size before relaxing)
 .debug_str     0x0000000000000a12       0x1f ../Conclover_bsp/\libhal_bsp.a(alt_icache_flush_all.o)
                                        0x141 (size before relaxing)
 .debug_str     0x0000000000000a31       0x20 ../Conclover_bsp/\libhal_bsp.a(altera_nios2_gen2_irq.o)
                                        0x148 (size before relaxing)

.debug_loc      0x0000000000000000     0x1389
 *(.debug_loc)
 .debug_loc     0x0000000000000000      0x292 obj/default/hello_world_small.o
 .debug_loc     0x0000000000000292       0xc7 obj/default/src/drivers/conclover/conclover.o
 .debug_loc     0x0000000000000359      0x553 obj/default/src/drivers/display/display_stdio.o
 .debug_loc     0x00000000000008ac       0xcc obj/default/src/drivers/keys/keys.o
 .debug_loc     0x0000000000000978       0xf0 obj/default/src/drivers/timer/timer.o
 .debug_loc     0x0000000000000a68      0x21b obj/default/src/drivers/uart/uart_receiver.o
 .debug_loc     0x0000000000000c83       0x8f obj/default/src/drivers/uart/uart_transmitter.o
 .debug_loc     0x0000000000000d12       0x8d obj/default/src/utils/debug.o
 .debug_loc     0x0000000000000d9f       0x68 obj/default/src/utils/memory.o
 .debug_loc     0x0000000000000e07      0x4ce c:/intelfpga_lite/18.1/nios2eds/bin/gnu/h-x86_64-mingw32/bin/../lib/gcc/nios2-elf/5.3.0/mno-hw-mul\libgcc.a(lib2-divmod.o)
 .debug_loc     0x00000000000012d5       0x93 c:/intelfpga_lite/18.1/nios2eds/bin/gnu/h-x86_64-mingw32/bin/../lib/gcc/nios2-elf/5.3.0/mno-hw-mul\libgcc.a(lib2-mul.o)
 .debug_loc     0x0000000000001368       0x21 ../Conclover_bsp/\libhal_bsp.a(alt_sys_init.o)

.debug_macinfo
 *(.debug_macinfo)

.debug_weaknames
 *(.debug_weaknames)

.debug_funcnames
 *(.debug_funcnames)

.debug_typenames
 *(.debug_typenames)

.debug_varnames
 *(.debug_varnames)

.debug_alt_sim_info
                0x0000000000000000       0x10
 *(.debug_alt_sim_info)
 .debug_alt_sim_info
                0x0000000000000000       0x10 ../Conclover_bsp//obj/HAL/src/crt0.o
                0x0000000000004000                __alt_data_end = 0x4000
                0x0000000000004000                PROVIDE (__alt_stack_pointer, __alt_data_end)
                [!provide]                        PROVIDE (__alt_stack_limit, __alt_stack_base)
                [!provide]                        PROVIDE (__alt_heap_start, end)
                [!provide]                        PROVIDE (__alt_heap_limit, 0x4000)
OUTPUT(Conclover.elf elf32-littlenios2)

.debug_ranges   0x0000000000000000      0x1e8
 .debug_ranges  0x0000000000000000       0x20 ../Conclover_bsp//obj/HAL/src/crt0.o
 .debug_ranges  0x0000000000000020       0x50 obj/default/hello_world_small.o
 .debug_ranges  0x0000000000000070       0x30 obj/default/src/drivers/conclover/conclover.o
 .debug_ranges  0x00000000000000a0       0x40 obj/default/src/drivers/display/display_stdio.o
 .debug_ranges  0x00000000000000e0       0x18 obj/default/src/drivers/keys/keys.o
 .debug_ranges  0x00000000000000f8       0x18 obj/default/src/drivers/uart/uart_receiver.o
 .debug_ranges  0x0000000000000110       0x18 obj/default/src/drivers/uart/uart_transmitter.o
 .debug_ranges  0x0000000000000128       0x18 obj/default/src/utils/debug.o
 .debug_ranges  0x0000000000000140       0x60 c:/intelfpga_lite/18.1/nios2eds/bin/gnu/h-x86_64-mingw32/bin/../lib/gcc/nios2-elf/5.3.0/mno-hw-mul\libgcc.a(lib2-divmod.o)
 .debug_ranges  0x00000000000001a0       0x48 ../Conclover_bsp/\libhal_bsp.a(alt_load.o)
